[{
  "author": "node0",
  "header": {
    "height": 60,
    "epoch_id": {
      "bytes": "AAAAAAAAAAAAAAAAAAAAAAAAAAAAAAAAAAAAAAAAAAA="
    },
    "next_epoch_id": {
      "bytes": "gbCPgKfDjvBORnjFHRAxL95Ad2dDGa2pmteXNt2Awa0="
    },
    "hash": {
      "bytes": "kb1Yjr0pvaOl9dCcnJtj/N+dLrAdhDltlqpx2wuDnMk="
    },
    "prev_hash": {
      "bytes": "B8in2uftjph1encPlU2de9Ckio3c5bN2248BwbeunFU="
    },
    "prev_state_root": {
      "bytes": "TTnCSZc24oDBVek+y7Myz4j+0B2FMcEPWWMAouOwWr0="
    },
    "chunk_receipts_root": {
      "bytes": "ek/eNqQm3q9eElL1cYoG4Xh/jRLLfaWhgFf6n/tmzg0="
    },
    "chunk_headers_root": {
      "bytes": "H3ldE7qd9BLvYSci1JcFOo6+KOh6m60ykqA9v8Ll4MM="
    },
    "chunk_tx_root": {
      "bytes": "AkvBJMWx4AVyVIBMN0+nUnp4qfxAZhVNRMP5byNHeYI="
    },
    "outcome_root": {
      "bytes": "Zmh6rfhivXdsj8GLjp+OIAiXFIVu4jOzkCpZHQ1fKSU="
    },
    "chunks_included": 1,
    "challenges_root": {
      "bytes": "AAAAAAAAAAAAAAAAAAAAAAAAAAAAAAAAAAAAAAAAAAA="
    },
    "timestamp": 1633610762794997973,
    "timestamp_nanosec": 1633610762794997973,
    "random_value": {
      "bytes": "4k/RxSq2oFPe5v1zNMuQHDmQ6gOh42mBbxpAoLg7VNg="
    },
    "chunk_mask": [
      true
    ],
    "gas_price": {
      "bytes": "AAAAAAAAAAAAAAAAO5rKAA=="
    },
    "rent_paid": {
      "bytes": "AAAAAAAAAAAAAAAAAAAAAA=="
    },
    "validator_reward": {
      "bytes": "AAAAAAAAAAAAAAAAAAAAAA=="
    },
    "total_supply": {
      "bytes": "AAD4+/YNWY8m/+Yx8h3yAA=="
    },
    "last_final_block": {
      "bytes": "B8in2uftjph1encPlU2de9Ckio3c5bN2248BwbeunFU="
    },
    "last_ds_final_block": {
      "bytes": "R9wSchM0GaSDRmNKCyfoSLDlJEO9IxZnzj3tLKeIuoM="
    },
    "next_bp_hash": {
      "bytes": "Sl5HKUKGnJ71lRRbYx13DDQmvIWC79LaAsKBavV6woU="
    }
  },
  "chunk_headers": [
    {
      "chunk_hash": "nT8PhaoQsZ7ksoJ2ETEVSCTf7xfn4qPBJJoFGRoLGyo=",
      "prev_block_hash": "B8in2uftjph1encPlU2de9Ckio3c5bN2248BwbeunFU=",
      "outcome_root": "AAAAAAAAAAAAAAAAAAAAAAAAAAAAAAAAAAAAAAAAAAA=",
      "prev_state_root": "Hr9jZCfGXY8kOq8GzOhxx39RsfxLupDh3USd2VhVLcY=",
      "encoded_merkle_root": "kkXfma82mtW0nlLCBZZQuziF5franL5To1xOSuHv2vk=",
      "encoded_length": 187,
      "height_created": 60,
      "height_included": 60,
      "gas_limit": 1000000000000000,
      "validator_reward": {
        "bytes": "AAAAAAAAAAAAAAAAAAAAAA=="
      },
      "balance_burnt": {
        "bytes": "AAAAAAAAAAAAAAAAAAAAAA=="
      },
      "outgoing_receipts_root": "7puS4yTgNBqWXa8ps5VVAw4sDlWR19PivQX/eF+UawU=",
      "tx_root": "5365GiebBgRgvk4l9sCk+Hl6wn1I41icqtsSrcWx00o="
    }
  ],
  "shards": [
    {
      "chunk": {
        "author": "node0",
        "header": {
          "chunk_hash": "nT8PhaoQsZ7ksoJ2ETEVSCTf7xfn4qPBJJoFGRoLGyo=",
          "prev_block_hash": "B8in2uftjph1encPlU2de9Ckio3c5bN2248BwbeunFU=",
          "outcome_root": "AAAAAAAAAAAAAAAAAAAAAAAAAAAAAAAAAAAAAAAAAAA=",
          "prev_state_root": "Hr9jZCfGXY8kOq8GzOhxx39RsfxLupDh3USd2VhVLcY=",
          "encoded_merkle_root": "kkXfma82mtW0nlLCBZZQuziF5franL5To1xOSuHv2vk=",
          "encoded_length": 187,
          "height_created": 60,
          "height_included": 60,
          "gas_limit": 1000000000000000,
          "validator_reward": {
            "bytes": "AAAAAAAAAAAAAAAAAAAAAA=="
          },
          "balance_burnt": {
            "bytes": "AAAAAAAAAAAAAAAAAAAAAA=="
          },
          "outgoing_receipts_root": "7puS4yTgNBqWXa8ps5VVAw4sDlWR19PivQX/eF+UawU=",
          "tx_root": "5365GiebBgRgvk4l9sCk+Hl6wn1I41icqtsSrcWx00o="
        },
        "transactions": [
          {
            "transaction": {
              "signer_id": "bob.near",
              "public_key": {
                "bytes": "PVWYePA9Unnxiaqvd4mKxrkUmexc1aYOP5BZoRIuGf8="
              },
              "nonce": 28000002,
              "receiver_id": "near",
              "actions": [
                {
                  "Action": {
                    "Transfer": {
                      "deposit": {
                        "bytes": "AAAAAAAAAAVrx14tYxAAAA=="
                      }
                    }
                  }
                }
              ],
              "hash": {
                "bytes": "fwGRrpMS/0sf9KK8VqsH4QMDJfYmad/3a2tjVqFmqik="
              }
            },
            "outcome": {
              "execution_outcome": {
                "proof": {},
                "block_hash": {
                  "bytes": "kb1Yjr0pvaOl9dCcnJtj/N+dLrAdhDltlqpx2wuDnMk="
                },
                "id": {
                  "bytes": "fwGRrpMS/0sf9KK8VqsH4QMDJfYmad/3a2tjVqFmqik="
                },
                "outcome": {
                  "receipt_ids": [
                    {
                      "bytes": "R5IAyIaJjm1kpaY7g6mesnfFbWw3k1rhJZMHehRwRKs="
                    }
                  ],
                  "gas_burnt": 223182562500,
                  "tokens_burnt": {
                    "bytes": "AAAAAAAAAAwZR74fMeqoAA=="
                  },
                  "executor_id": "bob.near",
                  "Status": {
                    "SuccessReceiptId": {
                      "id": {
                        "bytes": "R5IAyIaJjm1kpaY7g6mesnfFbWw3k1rhJZMHehRwRKs="
                      }
                    }
                  }
                }
              }
            }
          }
        ]
      }
    }
  ]
}
,{
  "author": "node3",
  "header": {
    "height": 61,
    "epoch_id": {
      "bytes": "AAAAAAAAAAAAAAAAAAAAAAAAAAAAAAAAAAAAAAAAAAA="
    },
    "next_epoch_id": {
      "bytes": "gbCPgKfDjvBORnjFHRAxL95Ad2dDGa2pmteXNt2Awa0="
    },
    "hash": {
      "bytes": "X3o0kf3wZofH5nTswnI2m0hp3wkEHlmd+ymAjOuBGPA="
    },
    "prev_hash": {
      "bytes": "kb1Yjr0pvaOl9dCcnJtj/N+dLrAdhDltlqpx2wuDnMk="
    },
    "prev_state_root": {
      "bytes": "avgw3eyq2APZ3ltndO18XHW3C0gj+uoyfkbk/J9NLAo="
    },
    "chunk_receipts_root": {
      "bytes": "L+J93s2RIYvtebbPoP01/Ub+vVL0xUeiK2iUB2MqF80="
    },
    "chunk_headers_root": {
      "bytes": "anlCRzzLvxbYzZ8R5oAiO7f2kZVjEDQVKyAR23C/ezc="
    },
    "chunk_tx_root": {
      "bytes": "Zmh6rfhivXdsj8GLjp+OIAiXFIVu4jOzkCpZHQ1fKSU="
    },
    "outcome_root": {
      "bytes": "ZkzqcSUqFmj/oXu1wJ57aOTDd8kslf6eyrQwEom8FBQ="
    },
    "chunks_included": 1,
    "challenges_root": {
      "bytes": "AAAAAAAAAAAAAAAAAAAAAAAAAAAAAAAAAAAAAAAAAAA="
    },
    "timestamp": 1633610762996590346,
    "timestamp_nanosec": 1633610762996590346,
    "random_value": {
      "bytes": "ec9QivF0/twOWamWKOIqpRoOiXWWwvAl+tN0OLteHRo="
    },
    "chunk_mask": [
      true
    ],
    "gas_price": {
      "bytes": "AAAAAAAAAAAAAAAAO5rKAA=="
    },
    "rent_paid": {
      "bytes": "AAAAAAAAAAAAAAAAAAAAAA=="
    },
    "validator_reward": {
      "bytes": "AAAAAAAAAAAAAAAAAAAAAA=="
    },
    "total_supply": {
      "bytes": "AAD4+/YNWYMNuCgSwDNKAA=="
    },
    "last_final_block": {
      "bytes": "kb1Yjr0pvaOl9dCcnJtj/N+dLrAdhDltlqpx2wuDnMk="
    },
    "last_ds_final_block": {
      "bytes": "R9wSchM0GaSDRmNKCyfoSLDlJEO9IxZnzj3tLKeIuoM="
    },
    "next_bp_hash": {
      "bytes": "dSiJr3sl3kWupAR3k9RIIHQNdWnHNQ7vOtpDNFi8hj4="
    }
  },
  "chunk_headers": [
    {
      "chunk_hash": "+XmRhmfzlYA5rfjpp4mSPmvkb6QDg/uqitArLCYzX3A=",
      "prev_block_hash": "kb1Yjr0pvaOl9dCcnJtj/N+dLrAdhDltlqpx2wuDnMk=",
      "outcome_root": "ezCLaCs5UIRsehWWLYjh/HqpGwmHOQE5vW+22j7vZL0=",
      "prev_state_root": "zQMqMBEor7Sw8x+1cmOi5/v3BKaYhZ7aZ5Tvro37dU0=",
      "encoded_merkle_root": "XQgciT6CyH14JJdEMHTjOz9IEEEuMjo9CzSrUm6JrmU=",
      "encoded_length": 151,
      "height_created": 61,
      "height_included": 61,
      "gas_used": 223182562500,
      "gas_limit": 1000000000000000,
      "validator_reward": {
        "bytes": "AAAAAAAAAAAAAAAAAAAAAA=="
      },
      "balance_burnt": {
        "bytes": "AAAAAAAAAAwZR74fMeqoAA=="
      },
      "outgoing_receipts_root": "1VIGJ0l+PtbIZl97l/7SqM/mrJ5IFH9keqC/a9FpiNA=",
      "tx_root": "AAAAAAAAAAAAAAAAAAAAAAAAAAAAAAAAAAAAAAAAAAA="
    }
  ],
  "shards": [
    {
      "chunk": {
        "author": "node3",
        "header": {
          "chunk_hash": "+XmRhmfzlYA5rfjpp4mSPmvkb6QDg/uqitArLCYzX3A=",
          "prev_block_hash": "kb1Yjr0pvaOl9dCcnJtj/N+dLrAdhDltlqpx2wuDnMk=",
          "outcome_root": "ezCLaCs5UIRsehWWLYjh/HqpGwmHOQE5vW+22j7vZL0=",
          "prev_state_root": "zQMqMBEor7Sw8x+1cmOi5/v3BKaYhZ7aZ5Tvro37dU0=",
          "encoded_merkle_root": "XQgciT6CyH14JJdEMHTjOz9IEEEuMjo9CzSrUm6JrmU=",
          "encoded_length": 151,
          "height_created": 61,
          "height_included": 61,
          "gas_used": 223182562500,
          "gas_limit": 1000000000000000,
          "validator_reward": {
            "bytes": "AAAAAAAAAAAAAAAAAAAAAA=="
          },
          "balance_burnt": {
            "bytes": "AAAAAAAAAAwZR74fMeqoAA=="
          },
          "outgoing_receipts_root": "1VIGJ0l+PtbIZl97l/7SqM/mrJ5IFH9keqC/a9FpiNA=",
          "tx_root": "AAAAAAAAAAAAAAAAAAAAAAAAAAAAAAAAAAAAAAAAAAA="
        },
        "receipts": [
          {
            "predecessor_id": "bob.near",
            "receiver_id": "near",
            "receipt_id": {
              "bytes": "R5IAyIaJjm1kpaY7g6mesnfFbWw3k1rhJZMHehRwRKs="
            },
            "Receipt": {
              "Action": {
                "signer_id": "bob.near",
                "signer_public_key": {
                  "bytes": "PVWYePA9Unnxiaqvd4mKxrkUmexc1aYOP5BZoRIuGf8="
                },
                "gas_price": {
                  "bytes": "AAAAAAAAAAAAAAAAPWSNgA=="
                },
                "actions": [
                  {
                    "Action": {
                      "Transfer": {
                        "deposit": {
                          "bytes": "AAAAAAAAAAVrx14tYxAAAA=="
                        }
                      }
                    }
                  }
                ]
              }
            }
          }
        ]
      },
      "receipt_execution_outcomes": [
        {
          "execution_outcome": {
            "proof": {},
            "block_hash": {
              "bytes": "X3o0kf3wZofH5nTswnI2m0hp3wkEHlmd+ymAjOuBGPA="
            },
            "id": {
              "bytes": "R5IAyIaJjm1kpaY7g6mesnfFbWw3k1rhJZMHehRwRKs="
            },
            "outcome": {
              "receipt_ids": [
                {
                  "bytes": "ycJPBWB6sfpiSIqa6CuTjba+9D31BOApIeZ7aMidcm0="
                }
              ],
              "gas_burnt": 223182562500,
              "tokens_burnt": {
                "bytes": "AAAAAAAAAAwZR74fMeqoAA=="
              },
              "executor_id": "near",
              "Status": {
                "SuccessValue": {}
              }
            }
          },
          "receipt": {
            "predecessor_id": "bob.near",
            "receiver_id": "near",
            "receipt_id": {
              "bytes": "R5IAyIaJjm1kpaY7g6mesnfFbWw3k1rhJZMHehRwRKs="
            },
            "Receipt": {
              "Action": {
                "signer_id": "bob.near",
                "signer_public_key": {
                  "bytes": "PVWYePA9Unnxiaqvd4mKxrkUmexc1aYOP5BZoRIuGf8="
                },
                "gas_price": {
                  "bytes": "AAAAAAAAAAAAAAAAPWSNgA=="
                },
                "actions": [
                  {
                    "Action": {
                      "Transfer": {
                        "deposit": {
                          "bytes": "AAAAAAAAAAVrx14tYxAAAA=="
                        }
                      }
                    }
                  }
                ]
              }
            }
          }
        }
      ]
    }
  ]
}
]